  collaboration 50..79: 46/46
  collaboration 80..129: 44/44
  collaboration 130..219: 41/41
  collaboration 220..399: 42/42
  collaboration 400..799: 36/36
  collaboration 800..1999: 21/21
  collaboration 2000..4999: 22/22
  collaboration 5000..14999: 18/18
  collaboration >=15000: 12/12
  file-sharing 50..79: 47/47
  file-sharing 80..129: 43/43
  file-sharing 130..219: 41/41
  file-sharing 220..399: 33/33
  file-sharing 400..799: 26/26
  file-sharing 800..1999: 29/29
  file-sharing 2000..4999: 19/19
  file-sharing 5000..14999: 7/7
  file-sharing >=15000: 8/8
  cloud-storage 50..79: 24/24
  cloud-storage 80..129: 19/19
  cloud-storage 130..219: 23/23
  cloud-storage 220..399: 14/14
  cloud-storage 400..799: 6/6
  cloud-storage 800..1999: 13/13
  cloud-storage 2000..4999: 8/8
  cloud-storage 5000..14999: 5/5
  cloud-storage >=15000: 6/6
  chat 50..79: 239/239
  chat 80..129: 183/183
  chat 130..219: 141/141
  chat 220..399: 132/132
  chat 400..799: 111/111
  chat 800..1999: 120/120
  chat 2000..4999: 62/62
  chat 5000..14999: 23/23
  chat >=15000: 11/11
  team-chat 50..79: 1/1
  team-chat 80..129: 0/0
  team-chat 130..219: 0/0
  team-chat 220..399: 1/1
  team-chat 400..799: 0/0
  team-chat 800..1999: 0/0
  team-chat 2000..4999: 0/0
  team-chat 5000..14999: 1/1
  team-chat >=15000: 0/0
  video-conferencing 50..79: 11/11
  video-conferencing 80..129: 9/9
  video-conferencing 130..219: 10/10
  video-conferencing 220..399: 9/9
  video-conferencing 400..799: 5/5
  video-conferencing 800..1999: 4/4
  video-conferencing 2000..4999: 7/7
  video-conferencing 5000..14999: 2/2
  video-conferencing >=15000: 3/3
  videoconference 50..79: 0/0
  videoconference 80..129: 3/3
  videoconference 130..219: 3/3
  videoconference 220..399: 2/2
  videoconference 400..799: 0/0
  videoconference 800..1999: 2/2
  videoconference 2000..4999: 0/0
  videoconference 5000..14999: 0/0
  videoconference >=15000: 0/0
  appointment-scheduling 50..79: 3/3
  appointment-scheduling 80..129: 3/3
  appointment-scheduling 130..219: 3/3
  appointment-scheduling 220..399: 2/2
  appointment-scheduling 400..799: 3/3
  appointment-scheduling 800..1999: 0/0
  appointment-scheduling 2000..4999: 0/0
  appointment-scheduling 5000..14999: 0/0
  appointment-scheduling >=15000: 0/0
  calendar 50..79: 153/153
  calendar 80..129: 112/112
  calendar 130..219: 126/126
  calendar 220..399: 83/83
  calendar 400..799: 70/70
  calendar 800..1999: 78/78
  calendar 2000..4999: 35/35
  calendar 5000..14999: 16/16
  calendar >=15000: 1/1
  hr 50..79: 5/5
  hr 80..129: 5/5
  hr 130..219: 4/4
  hr 220..399: 2/2
  hr 400..799: 4/4
  hr 800..1999: 6/6
  hr 2000..4999: 1/1
  hr 5000..14999: 1/1
  hr >=15000: 0/0
  hrms 50..79: 2/2
  hrms 80..129: 6/6
  hrms 130..219: 0/0
  hrms 220..399: 1/1
  hrms 400..799: 0/0
  hrms 800..1999: 1/1
  hrms 2000..4999: 1/1
  hrms 5000..14999: 1/1
  hrms >=15000: 2/2
  attendance 50..79: 5/5
  attendance 80..129: 9/9
  attendance 130..219: 4/4
  attendance 220..399: 10/10
  attendance 400..799: 1/1
  attendance 800..1999: 1/1
  attendance 2000..4999: 1/1
  attendance 5000..14999: 1/1
  attendance >=15000: 0/0
  payroll 50..79: 2/2
  payroll 80..129: 3/3
  payroll 130..219: 3/3
  payroll 220..399: 1/1
  payroll 400..799: 0/0
  payroll 800..1999: 1/1
  payroll 2000..4999: 1/1
  payroll 5000..14999: 2/2
  payroll >=15000: 0/0
  invoice 50..79: 19/19
  invoice 80..129: 15/15
  invoice 130..219: 26/26
  invoice 220..399: 19/19
  invoice 400..799: 8/8
  invoice 800..1999: 8/8
  invoice 2000..4999: 5/5
  invoice 5000..14999: 7/7
  invoice >=15000: 0/0
  expenses 50..79: 5/5
  expenses 80..129: 4/4
  expenses 130..219: 7/7
  expenses 220..399: 2/2
  expenses 400..799: 3/3
  expenses 800..1999: 2/2
  expenses 2000..4999: 2/2
  expenses 5000..14999: 4/4
  expenses >=15000: 1/1
harvest done: 135 queries fetched, 270 already cached, output in /home/kojima/work/kpayload/data/harvest
npm notice
npm notice New major version of npm available! 10.8.2 -> 12.0.2
npm notice Changelog: https://github.com/npm/cli/releases/tag/v12.0.2
npm notice To update run: npm install -g npm@12.0.2
npm notice
