対象 46 / 全 181（生成済み 182）
  [1/46] kosodate OK (13s/件, 残り目安 10分)
  [2/46] shuurou-shien-ikou OK (13s/件, 残り目安 10分)
  [3/46] shoushi-ka OK (17s/件, 残り目安 12分)
  [4/46] shougaku-kin-daigaku OK (16s/件, 残り目安 11分)
  [5/46] shinguru-mazaa-teate OK (15s/件, 残り目安 10分)
  [6/46] hoikuen-aki-joukyou OK (16s/件, 残り目安 11分)
  [7/46] boshi-katei-teate OK (16s/件, 残り目安 10分)
  [8/46] kosodate-ouen-kyuufu-kin OK (17s/件, 残り目安 11分)
  [9] shinsei-seikatsu-hogo 失敗
  [10] juumin-zei-hikazei-setai-kyuufu-kin 失敗
  [11/46] juumin-zei-hikazei-setai-10-man-en-kyuufu-kettei OK (20s/件, 残り目安 11分)
  [12/46] koukou-shougaku-kin OK (19s/件, 残り目安 11分)
  [13/46] shougaku-kin-koukousei OK (20s/件, 残り目安 11分)
  [14] shougaku-kin-daigakuin 失敗
  [15/46] senkyo-touhyou-youshi-kakikata OK (22s/件, 残り目安 11分)
  [16/46] fuzai-mono-touhyou-yari-hou OK (22s/件, 残り目安 11分)
  [17/46] senmon-gakkou-shougaku-kin OK (21s/件, 残り目安 10分)
  [18] bukkadaka-taisaku-kyuufu-kin 失敗
  [19/46] ki-nichimae-touhyou-hitsuyou-mono OK (22s/件, 残り目安 10分)
  [20/46] ki-nichimae-touhyou-yari-hou OK (22s/件, 残り目安 9分)
  [21/46] shougai-mono-shien OK (21s/件, 残り目安 9分)
  [22/46] juumin-zei-hikazei-setai-kyuufu-kin-saishin OK (22s/件, 残り目安 9分)
  [23] hikazei-setai-kyuufu-kin-30-man 失敗
  [24/46] senkyo-touhyou-shikata OK (23s/件, 残り目安 9分)
  [25/46] mimamori-kourei-mono OK (23s/件, 残り目安 8分)
  [26/46] soudan-kaigo OK (23s/件, 残り目安 8分)
  [27/46] seikatsu-hogo-shinsei-hitsuyou-mono OK (23s/件, 残り目安 7分)
  [28/46] senkyo-yari-hou OK (22s/件, 残り目安 7分)
  [29/46] hikazei-kyuufu-kin OK (22s/件, 残り目安 6分)
  [30/46] senkyo-ike-nai-baai-touhyou-houhou OK (22s/件, 残り目安 6分)
  [31] touhyou-youshi-kakikata 失敗
  [32] kinkyuu-shitei-hinan-basho 失敗
  [33/46] hoiku-ryou-mushou-ka-0-toshi-2-toshi OK (22s/件, 残り目安 5分)
  [34/46] kourei-mono-mimamori-saabisu-jichitai OK (22s/件, 残り目安 4分)
  [35/46] touhyou-shikata OK (22s/件, 残り目安 4分)
  [36/46] touhyou-yari-hou OK (21s/件, 残り目安 4分)
  [37/46] bouhan-kamera-setchi-hiyou OK (21s/件, 残り目安 3分)
  [38/46] gakudou-natsuyasumi-dake OK (21s/件, 残り目安 3分)
  [39] natsuyasumi-ake-fu-toukou 失敗
  [40/46] furii-sukuuru-onrain OK (22s/件, 残り目安 2分)
  [41/46] boshi-katei-yachin-hojo OK (22s/件, 残り目安 2分)
  [42/46] bukka-koutou-shien-kyuufu-kin OK (21s/件, 残り目安 1分)
  [43/46] senkyo-touhyou-yari-hou OK (21s/件, 残り目安 1分)
  [44/46] senkyo-dairi-touhyou-yari-hou OK (21s/件, 残り目安 1分)
  [45/46] meitou-ku-kyuujitsu-kyuubyou-shinryou-tokoro OK (21s/件, 残り目安 0分)
  [46/46] furii-sukuuru-shusseki-atsukai OK (21s/件, 残り目安 0分)
DONE 196
