対象 205 / 全 205（生成済み 0）
  [1/205] shougaku-kin OK (24s/件, 残り目安 83分)
  [2/205] hazaado-mappu OK (33s/件, 残り目安 111分)
  [3/205] fu-toukou OK (26s/件, 残り目安 88分)
  [4] kosodate 失敗
  [5/205] ki-nichimae-touhyou OK (30s/件, 残り目安 99分)
  [6/205] kodomo-shokudou OK (27s/件, 残り目安 89分)
  [7/205] bousai OK (25s/件, 残り目安 82分)
  [8/205] nankai-torafu-jishin OK (26s/件, 残り目安 85分)
  [9/205] gakudou-hoiku OK (25s/件, 残り目安 80分)
  [10/205] kosodate-shien-kin OK (24s/件, 残り目安 79分)
  [11/205] gakudou OK (25s/件, 残り目安 82分)
  [12/205] nippon-gakusei-shougaku-kin-shien-kikou OK (24s/件, 残り目安 78分)
  [13] shuurou-shien-ikou 失敗
  [14] shoushi-ka 失敗
  [15/205] furii-sukuuru OK (25s/件, 残り目安 81分)
  [16/205] hikazei-setai-kyuufu-kin OK (25s/件, 残り目安 78分)
  [17/205] jishin-taisaku OK (24s/件, 残り目安 75分)
  [18/205] bousai-samurai OK (25s/件, 残り目安 78分)
  [19/205] hinan-tokoro OK (25s/件, 残り目安 76分)
  [20/205] shussan-ichiji-kin OK (24s/件, 残り目安 74分)
  [21/205] kan-shin-bureekaa OK (23s/件, 残り目安 72分)
  [22/205] sango-kea OK (23s/件, 残り目安 70分)
  [23/205] ikuji-shussan-ichiji-kin OK (23s/件, 残り目安 68分)
  [24/205] shougaku-kin-daigaku OK (22s/件, 残り目安 67分)
  [25/205] shuurou-shien-a-kata OK (22s/件, 残り目安 65分)
  [26/205] shuurou-keizoku-shien-a-kata OK (21s/件, 残り目安 64分)
  [27/205] shougai-mono-sougou-shien-hou OK (21s/件, 残り目安 63分)
  [28/205] kosodate-shien OK (22s/件, 残り目安 64分)
  [29/205] shinguru-mazaa-teate OK (21s/件, 残り目安 62分)
  [30/205] kyuufu-kin-kosodate-setai OK (21s/件, 残り目安 61分)
  [31/205] ekijou-ka OK (21s/件, 残り目安 62分)
  [32] hoikuen-aki-joukyou 失敗
  [33/205] boshi-katei-teate OK (21s/件, 残り目安 61分)
  [34/205] kodoku-shi OK (21s/件, 残り目安 60分)
  [35/205] kyuufu-kin-kodomo OK (21s/件, 残り目安 60分)
  [36/205] shoushi-kourei-ka-taisaku OK (21s/件, 残り目安 59分)
  [37/205] hoiku-ryou-mushou-ka OK (21s/件, 残り目安 59分)
  [38/205] fukushi-yougu-soudan-senmon-in OK (21s/件, 残り目安 59分)
  [39/205] funbetsu-gomi-hako OK (21s/件, 残り目安 58分)
  [40/205] gomi-funbetsu OK (21s/件, 残り目安 57分)
  [41/205] ki-nichimae-touhyou-basho OK (21s/件, 残り目安 56分)
  [42] kosodate-ouen-kyuufu-kin 失敗
  [43/205] shougakkou-kyuushoku-hi-mushou-ka OK (21s/件, 残り目安 58分)
  [44/205] shinsei-seikatsu-hogo OK (21s/件, 残り目安 57分)
  [45/205] shuurou-sentaku-shien OK (22s/件, 残り目安 59分)
  [46] juumin-zei-hikazei-setai-kyuufu-kin 失敗
  [47/205] juumin-zei-hikazei-setai-10-man-en-kyuufu-kettei OK (23s/件, 残り目安 60分)
  [48/205] hikazei-setai-kyuufu-kin-saishin OK (23s/件, 残り目安 59分)
  [49/205] bouhan-kamera-hojo-kin OK (23s/件, 残り目安 59分)
  [50/205] kyuufu-kin-kosodate OK (22s/件, 残り目安 58分)
  [51/205] minkan-gakudou OK (22s/件, 残り目安 57分)
  [52/205] orutanateibu-sukuuru OK (22s/件, 残り目安 56分)
  [53/205] koukou-shougaku-kin OK (22s/件, 残り目安 55分)
  [54/205] shougaku-kin-koukousei OK (22s/件, 残り目安 54分)
  [55/205] shougaku-kin-daigakuin OK (21s/件, 残り目安 54分)
  [56/205] bu-katsudou-chiiki-ikou OK (21s/件, 残り目安 53分)
  [57/205] shougai-mono-shuurou-shien OK (21s/件, 残り目安 53分)
  [58/205] senkyo-touhyou-youshi-kakikata OK (22s/件, 残り目安 53分)
  [59/205] fuzai-mono-touhyou-yari-hou OK (22s/件, 残り目安 53分)
  [60/205] ninpu-shien-kyuufu-kin OK (22s/件, 残り目安 52分)
  [61/205] suigai-taisaku OK (22s/件, 残り目安 52分)
  [62/205] senmon-gakkou-shougaku-kin OK (22s/件, 残り目安 52分)
  [63/205] taiyo-shougaku-kin OK (22s/件, 残り目安 51分)
  [64/205] boshi-katei OK (21s/件, 残り目安 50分)
  [65] bukkadaka-taisaku-kyuufu-kin 失敗
  [66/205] ki-nichimae-touhyou-kikan-ichiran OK (21s/件, 残り目安 50分)
  [67/205] ki-nichimae-touhyou-jikan OK (21s/件, 残り目安 49分)
  [68/205] ki-nichimae-touhyou-hitsuyou-mono OK (21s/件, 残り目安 49分)
  [69/205] ki-nichimae-touhyou-yari-hou OK (21s/件, 残り目安 48分)
  [70/205] ki-nichimae OK (21s/件, 残り目安 47分)
  [71/205] ijuu-shien-kin OK (21s/件, 残り目安 47分)
  [72/205] shussan-kosodate-ouen-kyuufu-kin OK (21s/件, 残り目安 47分)
  [73/205] kyuushoku-mushou-ka OK (21s/件, 残り目安 46分)
  [74/205] hoikuen-mushou-ka OK (21s/件, 残り目安 46分)
  [75/205] shougai-mono OK (21s/件, 残り目安 45分)
  [76/205] kourei-mono-mimamori-saabisu OK (21s/件, 残り目安 45分)
  [77/205] akiya-mondai OK (21s/件, 残り目安 45分)
  [78/205] senkyo-ki-nichimae-touhyou OK (21s/件, 残り目安 44分)
  [79/205] ki-nichimae-touhyou-mochimono OK (21s/件, 残り目安 44分)
  [80/205] kyouiku-shien-sentaa OK (21s/件, 残り目安 44分)
  [81/205] shussan-ichiji-kin-shinsei OK (21s/件, 残り目安 43分)
  [82/205] kan-shin-bureekaa-atozuke-ke OK (21s/件, 残り目安 42分)
  [83/205] tsuugaku-michi OK (21s/件, 残り目安 42分)
  [84/205] tsuugaku-ro OK (21s/件, 残り目安 42分)
  [85/205] shougaku-kin-ryuugaku OK (21s/件, 残り目安 41分)
  [86] shougai-mono-shien 失敗
  [87/205] kourei-mono-fukushi OK (21s/件, 残り目安 41分)
  [88] juumin-zei-hikazei-setai-kyuufu-kin-saishin 失敗
  [89/205] shussan-ikuji-ichiji-kin-shinsei-houhou OK (21s/件, 残り目安 40分)
  [90/205] taishin-bureekaa OK (21s/件, 残り目安 40分)
  [91/205] kan-shin-bureekaa-kakaku OK (21s/件, 残り目安 39分)
  [92/205] nitadori-kokusai-shougaku-zaidan OK (21s/件, 残り目安 39分)
  [93] daisoo-shougaku-kin 失敗
  [94/205] shuurou-a-kata OK (21s/件, 残り目安 38分)
  [95/205] chiiki-houkatsu OK (21s/件, 残り目安 38分)
  [96] hikazei-setai-kyuufu-kin-30-man 失敗
  [97/205] senkyo-touhyou-shikata OK (21s/件, 残り目安 38分)
  [98/205] ki-nichimae-touhyou-ritsu OK (21s/件, 残り目安 37分)
  [99/205] seiji-shikin-shuushi-houkoku-kaki OK (21s/件, 残り目安 37分)
  [100/205] keirou-pasu OK (21s/件, 残り目安 36分)
  [101/205] kouiki-hinan-basho OK (21s/件, 残り目安 36分)
  [102/205] shingaku-shikin-shimyureetaa OK (20s/件, 残り目安 35分)
  [103/205] taiyo-kata-shougaku-kin OK (21s/件, 残り目安 35分)
  [104/205] nippon-shien-kikou-shougaku-kin OK (20s/件, 残り目安 34分)
  [105/205] koukousei-fu-toukou OK (21s/件, 残り目安 35分)
  [106/205] mimamori-kourei-mono OK (21s/件, 残り目安 34分)
  [107/205] soudan-kaigo OK (21s/件, 残り目安 34分)
  [108/205] seikatsu-hogo-shinsei-hitsuyou-mono OK (21s/件, 残り目安 33分)
  [109/205] hattatsu-shougai-mono-shien-hou OK (20s/件, 残り目安 33分)
  [110/205] senkyo-yari-hou OK (20s/件, 残り目安 32分)
  [111/205] ki-nichimae-touhyou-touhyou-ritsu OK (20s/件, 残り目安 32分)
  [112/205] nagoya-shi-hoikuen-aki-joukyou OK (20s/件, 残り目安 31分)
  [113/205] hazaado-mappu-nagoya OK (20s/件, 残り目安 31分)
  [114/205] bouka-bousai OK (20s/件, 残り目安 31分)
  [115/205] gakudou-natsuyasumi OK (20s/件, 残り目安 30分)
  [116/205] gyoumu-suupaa-shougaku-kin OK (20s/件, 残り目安 30分)
  [117/205] nippon-gakusei-kikou-shougaku-kin OK (20s/件, 残り目安 30分)
  [118/205] ryuu-nen-shougaku-kin OK (20s/件, 残り目安 29分)
  [119/205] hitori-oya-shien OK (20s/件, 残り目安 29分)
  [120/205] akiya-taisaku OK (20s/件, 残り目安 28分)
  [121] hikazei-kyuufu-kin 失敗
  [122/205] bukkadaka-kyuufu-kin OK (20s/件, 残り目安 28分)
  [123/205] senkyo-ike-nai-baai-touhyou-houhou OK (20s/件, 残り目安 28分)
  [124/205] touhyou-youshi-kakikata OK (20s/件, 残り目安 27分)
  [125/205] jinkou-genshou-taisaku OK (20s/件, 残り目安 27分)
  [126/205] koukou-juken-fu-toukou OK (20s/件, 残り目安 27分)
  [127/205] shussan-hojo-kin OK (20s/件, 残り目安 26分)
  [128/205] fukushi-hinan-tokoro OK (20s/件, 残り目安 26分)
  [129] kinkyuu-shitei-hinan-basho 失敗
  [130] furu-buraito-shougaku-kin 失敗
  [131/205] ninka-soto-hoiku-ryoukin OK (21s/件, 残り目安 25分)
  [132/205] shougaku OK (21s/件, 残り目安 25分)
  [133/205] dai-1-tane-shougaku-kin OK (20s/件, 残り目安 25分)
  [134/205] mushou-ka OK (20s/件, 残り目安 24分)
  [135/205] shougakusei OK (20s/件, 残り目安 24分)
  [136/205] hoiku-ryou-mushou-ka-0-toshi-2-toshi OK (21s/件, 残り目安 24分)
  [137/205] kaigai-ryuugaku-shougaku-kin OK (21s/件, 残り目安 23分)
  [138/205] kourei-mono-mimamori-saabisu-jichitai OK (21s/件, 残り目安 23分)
  [139/205] suidou-ryoukin-neage OK (21s/件, 残り目安 23分)
  [140/205] touhyou-shikata OK (21s/件, 残り目安 22分)
  [141/205] touhyou-yari-hou OK (20s/件, 残り目安 22分)
  [142/205] hojo-kin-ijuu OK (20s/件, 残り目安 21分)
  [143] bouhan-kamera-setchi-hiyou 失敗
  [144/205] tekiou-shidou-kyoushitsu OK (21s/件, 残り目安 21分)
  [145/205] jishin-saigai-taisaku OK (21s/件, 残り目安 21分)
  [146] gakudou-natsuyasumi-dake 失敗
  [147/205] kodomo-kosodate OK (21s/件, 残り目安 20分)
  [148] natsuyasumi-ake-fu-toukou 失敗
  [149/205] hoikuen-3-toshi OK (21s/件, 残り目安 20分)
  [150] 3-toshi-hoiku 失敗
  [151] nippon-gakusei-kikou 失敗
  [152/205] shougaku-kin-shikyuu-nichi OK (21s/件, 残り目安 19分)
  [153/205] hoikuen-kyuushoku-hi OK (21s/件, 残り目安 19分)
  [154/205] koka-koora-shougaku-kin OK (21s/件, 残り目安 18分)
  [155/205] sudachi-fu-toukou OK (21s/件, 残り目安 18分)
  [156/205] chuugaku-fu-toukou OK (21s/件, 残り目安 17分)
  [157] furii-sukuuru-onrain 失敗
  [158/205] boshi-katei-yachin-hojo OK (22s/件, 残り目安 17分)
  [159/205] ippan-shuurou OK (22s/件, 残り目安 17分)
  [160] bukka-koutou-shien-kyuufu-kin 失敗
  [161/205] senkyo-touhyou-yari-hou OK (23s/件, 残り目安 17分)
  [162/205] senkyo-dairi-touhyou-yari-hou OK (23s/件, 残り目安 16分)
  [163/205] senkyo-netto-touhyou-yari-hou OK (23s/件, 残り目安 16分)
  [164/205] ki-nichimae-touhyou-tokoro OK (23s/件, 残り目安 15分)
  [165/205] jizen-touhyou OK (23s/件, 残り目安 15分)
  [166/205] chihou-ijuu-shien-kin OK (23s/件, 残り目安 15分)
  [167/205] bouhan-kamera-setchi-hojo-kin-kojin OK (23s/件, 残り目安 14分)
  [168] meitou-ku-kyuujitsu-kyuubyou-shinryou-tokoro 失敗
  [169/205] kounai-kyouiku-shien-sentaa OK (23s/件, 残り目安 14分)
  [170/205] nakamura-ku-kyuujitsu-kyuubyou-shinryou-tokoro OK (23s/件, 残り目安 13分)
  [171/205] keirou-yuutai-jousha-shou OK (23s/件, 残り目安 13分)
  [172/205] tenpaku-ku-kyuujitsu-kyuubyou-shinryou-tokoro OK (23s/件, 残り目安 13分)
  [173/205] mizuho-ku-kyuujitsu-kyuubyou-shinryou-tokoro OK (23s/件, 残り目安 12分)
  [174/205] nagoya-shi-ishi-kai-shouwa-ku-kyuujitsu-kyuubyou-shinryou-to OK (23s/件, 残り目安 12分)
  [175/205] kyuujitsu-shinryou-tokoro-nagoya-shi OK (23s/件, 残り目安 11分)
  [176/205] chigusa-ku-kyuujitsu-kyuubyou-shinryou-tokoro OK (23s/件, 残り目安 11分)
  [177/205] nakagawa-ku-kyuujitsu-kyuubyou-shinryou-tokoro OK (23s/件, 残り目安 11分)
  [178/205] nagoya-shi-midori-ku-hoikuen-aki-joukyou OK (23s/件, 残り目安 10分)
  [179/205] chuugakusei-fu-toukou-juken OK (23s/件, 残り目安 10分)
  [180/205] nagoya-shi-kodomo-iryou-hi OK (23s/件, 残り目安 9分)
  [181/205] nakagawa-ku-hoikuen-aki-joukyou OK (22s/件, 残り目安 9分)
  [182] furii-sukuuru-shusseki-atsukai 失敗
  [183/205] chuugakusei-fu-toukou-shinro OK (22s/件, 残り目安 8分)
  [184/205] fu-toukou-chuugaku-shinro OK (22s/件, 残り目安 8分)
  [185/205] chuugakusei-fu-toukou-koukou-juken OK (22s/件, 残り目安 7分)
  [186/205] daigaku-juken-fu-toukou OK (22s/件, 残り目安 7分)
  [187/205] nagoya-kyuujitsu-shinryou OK (22s/件, 残り目安 7分)
  [188/205] kita-nagoya-shi-hoikuen-aki-joukyou OK (22s/件, 残り目安 6分)
  [189/205] nakamura-ku-hoikuen-aki-joukyou OK (22s/件, 残り目安 6分)
  [190/205] nagoya-shi-gakudou OK (22s/件, 残り目安 6分)
  [191/205] moriyama-ku-kyuujitsu-shinryou OK (22s/件, 残り目安 5分)
  [192/205] nagoya-hoikuen-aki-joukyou OK (22s/件, 残り目安 5分)
  [193/205] gakudou-hoiku-nagoya-shi OK (22s/件, 残り目安 4分)
  [194/205] tenpaku-ku-kyuujitsu-shinryou-tokoro OK (22s/件, 残り目安 4分)
  [195/205] meitou-ku-hoikuen-aki-joukyou OK (22s/件, 残り目安 4分)
  [196/205] nagoya-shi-nishiku-hoikuen-aki-joukyou OK (22s/件, 残り目安 3分)
  [197/205] mizuho-ku-hoikuen-aki-joukyou OK (22s/件, 残り目安 3分)
  [198/205] moriyama-ku-hoikuen-aki-joukyou OK (22s/件, 残り目安 3分)
  [199/205] tenpaku-ku-hoikuen-aki-joukyou OK (22s/件, 残り目安 2分)
  [200/205] nagoya-shi-minato-ku-hoikuen-aki-joukyou OK (22s/件, 残り目安 2分)
  [201/205] nagoya-shi-kita-ku-hoikuen-aki-joukyou OK (22s/件, 残り目安 1分)
  [202/205] atsuta-ku-hoikuen-aki-joukyou OK (22s/件, 残り目安 1分)
  [203/205] keirou-pasu-chaaji OK (22s/件, 残り目安 1分)
  [204/205] nagoya-shi-minami-ku-hoikuen-aki-joukyou OK (22s/件, 残り目安 0分)
  [205/205] nagoya-shi-nakamura-ku-hoikuen-aki-joukyou OK (22s/件, 残り目安 0分)
DONE 182
